------------------------------------------------------------
Timing Analyzer Summary
------------------------------------------------------------

Type  : Slow 1100mV 85C Model Setup 'clk'
Slack : -0.296
TNS   : -0.296

Type  : Slow 1100mV 85C Model Hold 'clk'
Slack : 0.545
TNS   : 0.000

Type  : Slow 1100mV 85C Model Minimum Pulse Width 'clk'
Slack : -3.166
TNS   : -218589.901

Type  : Slow 1100mV 0C Model Setup 'clk'
Slack : -0.374
TNS   : -0.374

Type  : Slow 1100mV 0C Model Hold 'clk'
Slack : 0.591
TNS   : 0.000

Type  : Slow 1100mV 0C Model Minimum Pulse Width 'clk'
Slack : -3.166
TNS   : -218578.290

Type  : Fast 1100mV 85C Model Setup 'clk'
Slack : 0.490
TNS   : 0.000

Type  : Fast 1100mV 85C Model Hold 'clk'
Slack : 0.181
TNS   : 0.000

Type  : Fast 1100mV 85C Model Minimum Pulse Width 'clk'
Slack : -2.174
TNS   : -143651.310

Type  : Fast 1100mV 0C Model Setup 'clk'
Slack : 0.509
TNS   : 0.000

Type  : Fast 1100mV 0C Model Hold 'clk'
Slack : 0.170
TNS   : 0.000

Type  : Fast 1100mV 0C Model Minimum Pulse Width 'clk'
Slack : -2.174
TNS   : -143688.090

------------------------------------------------------------
