
 /----------------------------------------------------------------------------\
 |  yosys -- Yosys Open SYnthesis Suite                                       |
 |  Copyright (C) 2012 - 2025  Claire Xenia Wolf <claire@yosyshq.com>         |
 |  Distributed under an ISC-like license, type "license" to see terms        |
 \----------------------------------------------------------------------------/
 Yosys 0.52 (git sha1 fee39a3284c90249e1d9684cf6944ffbbcbb8f90)

-- Running command `
read_verilog -sv -I project project/scratchpad.sv
hierarchy -top scratchpad
synth
stat
write_verilog scratchpad_synth.v
' --

1. Executing Verilog-2005 frontend: project/scratchpad.sv
Parsing SystemVerilog input from `project/scratchpad.sv' to AST representation.
Generating RTLIL representation for module `\scratchpad'.
Successfully finished Verilog frontend.

2. Executing HIERARCHY pass (managing design hierarchy).

2.1. Analyzing design hierarchy..
Top module:  \scratchpad

2.2. Analyzing design hierarchy..
Top module:  \scratchpad
Removed 0 unused modules.

3. Executing SYNTH pass.

3.1. Executing HIERARCHY pass (managing design hierarchy).
Attribute `top' found on module `scratchpad'. Setting top module to scratchpad.

3.1.1. Analyzing design hierarchy..
Top module:  \scratchpad

3.1.2. Analyzing design hierarchy..
Top module:  \scratchpad
Removed 0 unused modules.

3.2. Executing PROC pass (convert processes to netlists).

3.2.1. Executing PROC_CLEAN pass (remove empty switches from decision trees).
Cleaned up 0 empty switches.

3.2.2. Executing PROC_RMDEAD pass (remove dead branches from decision trees).
Removed 1 dead cases from process $proc$project/scratchpad.sv:23$2 in module scratchpad.
Marked 1 switch rules as full_case in process $proc$project/scratchpad.sv:23$2 in module scratchpad.
Removed a total of 1 dead cases.

3.2.3. Executing PROC_PRUNE pass (remove redundant assignments in processes).
Removed 0 redundant assignments.
Promoted 3 assignments to connections.

3.2.4. Executing PROC_INIT pass (extract init attributes).

3.2.5. Executing PROC_ARST pass (detect async resets in processes).

3.2.6. Executing PROC_ROM pass (convert switches to ROMs).
Converted 0 switches.
<suppressed ~1 debug messages>

3.2.7. Executing PROC_MUX pass (convert decision trees to multiplexers).
Creating decoders for process `\scratchpad.$proc$project/scratchpad.sv:23$2'.
     1/4: $1$memwr$\memory$project/scratchpad.sv:29$1_EN[63:0]$8
     2/4: $1$memwr$\memory$project/scratchpad.sv:29$1_DATA[63:0]$7
     3/4: $1$memwr$\memory$project/scratchpad.sv:29$1_ADDR[6:0]$6
     4/4: $0\data_out[63:0]

3.2.8. Executing PROC_DLATCH pass (convert process syncs to latches).

3.2.9. Executing PROC_DFF pass (convert process syncs to FFs).
Creating register for signal `\scratchpad.\data_out' using process `\scratchpad.$proc$project/scratchpad.sv:23$2'.
  created $dff cell `$procdff$21' with positive edge clock.
Creating register for signal `\scratchpad.$memwr$\memory$project/scratchpad.sv:29$1_ADDR' using process `\scratchpad.$proc$project/scratchpad.sv:23$2'.
  created $dff cell `$procdff$22' with positive edge clock.
Creating register for signal `\scratchpad.$memwr$\memory$project/scratchpad.sv:29$1_DATA' using process `\scratchpad.$proc$project/scratchpad.sv:23$2'.
  created $dff cell `$procdff$23' with positive edge clock.
Creating register for signal `\scratchpad.$memwr$\memory$project/scratchpad.sv:29$1_EN' using process `\scratchpad.$proc$project/scratchpad.sv:23$2'.
  created $dff cell `$procdff$24' with positive edge clock.

3.2.10. Executing PROC_MEMWR pass (convert process memory writes to cells).

3.2.11. Executing PROC_CLEAN pass (remove empty switches from decision trees).
Found and cleaned up 1 empty switch in `\scratchpad.$proc$project/scratchpad.sv:23$2'.
Removing empty process `scratchpad.$proc$project/scratchpad.sv:23$2'.
Cleaned up 1 empty switch.

3.2.12. Executing OPT_EXPR pass (perform const folding).
Optimizing module scratchpad.
<suppressed ~5 debug messages>

3.3. Executing OPT_EXPR pass (perform const folding).
Optimizing module scratchpad.

3.4. Executing OPT_CLEAN pass (remove unused cells and wires).
Finding unused cells or wires in module \scratchpad..
Removed 5 unused cells and 14 unused wires.
<suppressed ~6 debug messages>

3.5. Executing CHECK pass (checking for obvious problems).
Checking module scratchpad...
Found and reported 0 problems.

3.6. Executing OPT pass (performing simple optimizations).

3.6.1. Executing OPT_EXPR pass (perform const folding).
Optimizing module scratchpad.

3.6.2. Executing OPT_MERGE pass (detect identical cells).
Finding identical cells in module `\scratchpad'.
Removed a total of 0 cells.

3.6.3. Executing OPT_MUXTREE pass (detect dead branches in mux trees).
Running muxtree optimizer on module \scratchpad..
  Creating internal representation of mux trees.
  Evaluating internal representation of mux trees.
  Analyzing evaluation results.
Removed 0 multiplexer ports.
<suppressed ~4 debug messages>

3.6.4. Executing OPT_REDUCE pass (consolidate $*mux and $reduce_* inputs).
  Optimizing cells in module \scratchpad.
    Consolidated identical input bits for $pmux cell $procmux$10:
      Old ports: A=64'x, B=128'11111111111111111111111111111111111111111111111111111111111111110000000000000000000000000000000000000000000000000000000000000000, Y=$0$memwr$\memory$project/scratchpad.sv:29$1_EN[63:0]$5
      New ports: A=1'x, B=2'10, Y=$0$memwr$\memory$project/scratchpad.sv:29$1_EN[63:0]$5 [0]
      New connections: $0$memwr$\memory$project/scratchpad.sv:29$1_EN[63:0]$5 [63:1] = { $0$memwr$\memory$project/scratchpad.sv:29$1_EN[63:0]$5 [0] $0$memwr$\memory$project/scratchpad.sv:29$1_EN[63:0]$5 [0] $0$memwr$\memory$project/scratchpad.sv:29$1_EN[63:0]$5 [0] $0$memwr$\memory$project/scratchpad.sv:29$1_EN[63:0]$5 [0] $0$memwr$\memory$project/scratchpad.sv:29$1_EN[63:0]$5 [0] $0$memwr$\memory$project/scratchpad.sv:29$1_EN[63:0]$5 [0] $0$memwr$\memory$project/scratchpad.sv:29$1_EN[63:0]$5 [0] $0$memwr$\memory$project/scratchpad.sv:29$1_EN[63:0]$5 [0] $0$memwr$\memory$project/scratchpad.sv:29$1_EN[63:0]$5 [0] $0$memwr$\memory$project/scratchpad.sv:29$1_EN[63:0]$5 [0] $0$memwr$\memory$project/scratchpad.sv:29$1_EN[63:0]$5 [0] $0$memwr$\memory$project/scratchpad.sv:29$1_EN[63:0]$5 [0] $0$memwr$\memory$project/scratchpad.sv:29$1_EN[63:0]$5 [0] $0$memwr$\memory$project/scratchpad.sv:29$1_EN[63:0]$5 [0] $0$memwr$\memory$project/scratchpad.sv:29$1_EN[63:0]$5 [0] $0$memwr$\memory$project/scratchpad.sv:29$1_EN[63:0]$5 [0] $0$memwr$\memory$project/scratchpad.sv:29$1_EN[63:0]$5 [0] $0$memwr$\memory$project/scratchpad.sv:29$1_EN[63:0]$5 [0] $0$memwr$\memory$project/scratchpad.sv:29$1_EN[63:0]$5 [0] $0$memwr$\memory$project/scratchpad.sv:29$1_EN[63:0]$5 [0] $0$memwr$\memory$project/scratchpad.sv:29$1_EN[63:0]$5 [0] $0$memwr$\memory$project/scratchpad.sv:29$1_EN[63:0]$5 [0] $0$memwr$\memory$project/scratchpad.sv:29$1_EN[63:0]$5 [0] $0$memwr$\memory$project/scratchpad.sv:29$1_EN[63:0]$5 [0] $0$memwr$\memory$project/scratchpad.sv:29$1_EN[63:0]$5 [0] $0$memwr$\memory$project/scratchpad.sv:29$1_EN[63:0]$5 [0] $0$memwr$\memory$project/scratchpad.sv:29$1_EN[63:0]$5 [0] $0$memwr$\memory$project/scratchpad.sv:29$1_EN[63:0]$5 [0] $0$memwr$\memory$project/scratchpad.sv:29$1_EN[63:0]$5 [0] $0$memwr$\memory$project/scratchpad.sv:29$1_EN[63:0]$5 [0] $0$memwr$\memory$project/scratchpad.sv:29$1_EN[63:0]$5 [0] $0$memwr$\memory$project/scratchpad.sv:29$1_EN[63:0]$5 [0] $0$memwr$\memory$project/scratchpad.sv:29$1_EN[63:0]$5 [0] $0$memwr$\memory$project/scratchpad.sv:29$1_EN[63:0]$5 [0] $0$memwr$\memory$project/scratchpad.sv:29$1_EN[63:0]$5 [0] $0$memwr$\memory$project/scratchpad.sv:29$1_EN[63:0]$5 [0] $0$memwr$\memory$project/scratchpad.sv:29$1_EN[63:0]$5 [0] $0$memwr$\memory$project/scratchpad.sv:29$1_EN[63:0]$5 [0] $0$memwr$\memory$project/scratchpad.sv:29$1_EN[63:0]$5 [0] $0$memwr$\memory$project/scratchpad.sv:29$1_EN[63:0]$5 [0] $0$memwr$\memory$project/scratchpad.sv:29$1_EN[63:0]$5 [0] $0$memwr$\memory$project/scratchpad.sv:29$1_EN[63:0]$5 [0] $0$memwr$\memory$project/scratchpad.sv:29$1_EN[63:0]$5 [0] $0$memwr$\memory$project/scratchpad.sv:29$1_EN[63:0]$5 [0] $0$memwr$\memory$project/scratchpad.sv:29$1_EN[63:0]$5 [0] $0$memwr$\memory$project/scratchpad.sv:29$1_EN[63:0]$5 [0] $0$memwr$\memory$project/scratchpad.sv:29$1_EN[63:0]$5 [0] $0$memwr$\memory$project/scratchpad.sv:29$1_EN[63:0]$5 [0] $0$memwr$\memory$project/scratchpad.sv:29$1_EN[63:0]$5 [0] $0$memwr$\memory$project/scratchpad.sv:29$1_EN[63:0]$5 [0] $0$memwr$\memory$project/scratchpad.sv:29$1_EN[63:0]$5 [0] $0$memwr$\memory$project/scratchpad.sv:29$1_EN[63:0]$5 [0] $0$memwr$\memory$project/scratchpad.sv:29$1_EN[63:0]$5 [0] $0$memwr$\memory$project/scratchpad.sv:29$1_EN[63:0]$5 [0] $0$memwr$\memory$project/scratchpad.sv:29$1_EN[63:0]$5 [0] $0$memwr$\memory$project/scratchpad.sv:29$1_EN[63:0]$5 [0] $0$memwr$\memory$project/scratchpad.sv:29$1_EN[63:0]$5 [0] $0$memwr$\memory$project/scratchpad.sv:29$1_EN[63:0]$5 [0] $0$memwr$\memory$project/scratchpad.sv:29$1_EN[63:0]$5 [0] $0$memwr$\memory$project/scratchpad.sv:29$1_EN[63:0]$5 [0] $0$memwr$\memory$project/scratchpad.sv:29$1_EN[63:0]$5 [0] $0$memwr$\memory$project/scratchpad.sv:29$1_EN[63:0]$5 [0] $0$memwr$\memory$project/scratchpad.sv:29$1_EN[63:0]$5 [0] }
  Optimizing cells in module \scratchpad.
Performed a total of 1 changes.

3.6.5. Executing OPT_MERGE pass (detect identical cells).
Finding identical cells in module `\scratchpad'.
Removed a total of 0 cells.

3.6.6. Executing OPT_DFF pass (perform DFF optimizations).

3.6.7. Executing OPT_CLEAN pass (remove unused cells and wires).
Finding unused cells or wires in module \scratchpad..

3.6.8. Executing OPT_EXPR pass (perform const folding).
Optimizing module scratchpad.

3.6.9. Rerunning OPT passes. (Maybe there is more to do..)

3.6.10. Executing OPT_MUXTREE pass (detect dead branches in mux trees).
Running muxtree optimizer on module \scratchpad..
  Creating internal representation of mux trees.
  Evaluating internal representation of mux trees.
  Analyzing evaluation results.
Removed 0 multiplexer ports.
<suppressed ~4 debug messages>

3.6.11. Executing OPT_REDUCE pass (consolidate $*mux and $reduce_* inputs).
  Optimizing cells in module \scratchpad.
Performed a total of 0 changes.

3.6.12. Executing OPT_MERGE pass (detect identical cells).
Finding identical cells in module `\scratchpad'.
Removed a total of 0 cells.

3.6.13. Executing OPT_DFF pass (perform DFF optimizations).

3.6.14. Executing OPT_CLEAN pass (remove unused cells and wires).
Finding unused cells or wires in module \scratchpad..

3.6.15. Executing OPT_EXPR pass (perform const folding).
Optimizing module scratchpad.

3.6.16. Finished OPT passes. (There is nothing left to do.)

3.7. Executing FSM pass (extract and optimize FSM).

3.7.1. Executing FSM_DETECT pass (finding FSMs in design).

3.7.2. Executing FSM_EXTRACT pass (extracting FSM from design).

3.7.3. Executing FSM_OPT pass (simple optimizations of FSMs).

3.7.4. Executing OPT_CLEAN pass (remove unused cells and wires).
Finding unused cells or wires in module \scratchpad..

3.7.5. Executing FSM_OPT pass (simple optimizations of FSMs).

3.7.6. Executing FSM_RECODE pass (re-assigning FSM state encoding).

3.7.7. Executing FSM_INFO pass (dumping all available information on FSM cells).

3.7.8. Executing FSM_MAP pass (mapping FSMs to basic logic).

3.8. Executing OPT pass (performing simple optimizations).

3.8.1. Executing OPT_EXPR pass (perform const folding).
Optimizing module scratchpad.

3.8.2. Executing OPT_MERGE pass (detect identical cells).
Finding identical cells in module `\scratchpad'.
Removed a total of 0 cells.

3.8.3. Executing OPT_MUXTREE pass (detect dead branches in mux trees).
Running muxtree optimizer on module \scratchpad..
  Creating internal representation of mux trees.
  Evaluating internal representation of mux trees.
  Analyzing evaluation results.
Removed 0 multiplexer ports.
<suppressed ~4 debug messages>

3.8.4. Executing OPT_REDUCE pass (consolidate $*mux and $reduce_* inputs).
  Optimizing cells in module \scratchpad.
Performed a total of 0 changes.

3.8.5. Executing OPT_MERGE pass (detect identical cells).
Finding identical cells in module `\scratchpad'.
Removed a total of 0 cells.

3.8.6. Executing OPT_DFF pass (perform DFF optimizations).
Adding EN signal on $procdff$21 ($dff) from module scratchpad (D = $memrd$\memory$project/scratchpad.sv:32$9_DATA, Q = \data_out).

3.8.7. Executing OPT_CLEAN pass (remove unused cells and wires).
Finding unused cells or wires in module \scratchpad..
Removed 1 unused cells and 1 unused wires.
<suppressed ~2 debug messages>

3.8.8. Executing OPT_EXPR pass (perform const folding).
Optimizing module scratchpad.

3.8.9. Rerunning OPT passes. (Maybe there is more to do..)

3.8.10. Executing OPT_MUXTREE pass (detect dead branches in mux trees).
Running muxtree optimizer on module \scratchpad..
  Creating internal representation of mux trees.
  Evaluating internal representation of mux trees.
  Analyzing evaluation results.
Removed 0 multiplexer ports.
<suppressed ~3 debug messages>

3.8.11. Executing OPT_REDUCE pass (consolidate $*mux and $reduce_* inputs).
  Optimizing cells in module \scratchpad.
Performed a total of 0 changes.

3.8.12. Executing OPT_MERGE pass (detect identical cells).
Finding identical cells in module `\scratchpad'.
Removed a total of 0 cells.

3.8.13. Executing OPT_DFF pass (perform DFF optimizations).

3.8.14. Executing OPT_CLEAN pass (remove unused cells and wires).
Finding unused cells or wires in module \scratchpad..

3.8.15. Executing OPT_EXPR pass (perform const folding).
Optimizing module scratchpad.

3.8.16. Finished OPT passes. (There is nothing left to do.)

3.9. Executing WREDUCE pass (reducing word size of cells).

3.10. Executing PEEPOPT pass (run peephole optimizers).

3.11. Executing OPT_CLEAN pass (remove unused cells and wires).
Finding unused cells or wires in module \scratchpad..

3.12. Executing ALUMACC pass (create $alu and $macc cells).
Extracting $alu and $macc cells in module scratchpad:
  created 0 $alu and 0 $macc cells.

3.13. Executing SHARE pass (SAT-based resource sharing).

3.14. Executing OPT pass (performing simple optimizations).

3.14.1. Executing OPT_EXPR pass (perform const folding).
Optimizing module scratchpad.

3.14.2. Executing OPT_MERGE pass (detect identical cells).
Finding identical cells in module `\scratchpad'.
Removed a total of 0 cells.

3.14.3. Executing OPT_MUXTREE pass (detect dead branches in mux trees).
Running muxtree optimizer on module \scratchpad..
  Creating internal representation of mux trees.
  Evaluating internal representation of mux trees.
  Analyzing evaluation results.
Removed 0 multiplexer ports.
<suppressed ~3 debug messages>

3.14.4. Executing OPT_REDUCE pass (consolidate $*mux and $reduce_* inputs).
  Optimizing cells in module \scratchpad.
Performed a total of 0 changes.

3.14.5. Executing OPT_MERGE pass (detect identical cells).
Finding identical cells in module `\scratchpad'.
Removed a total of 0 cells.

3.14.6. Executing OPT_DFF pass (perform DFF optimizations).

3.14.7. Executing OPT_CLEAN pass (remove unused cells and wires).
Finding unused cells or wires in module \scratchpad..

3.14.8. Executing OPT_EXPR pass (perform const folding).
Optimizing module scratchpad.

3.14.9. Finished OPT passes. (There is nothing left to do.)

3.15. Executing MEMORY pass.

3.15.1. Executing OPT_MEM pass (optimize memories).
Performed a total of 0 transformations.

3.15.2. Executing OPT_MEM_PRIORITY pass (removing unnecessary memory write priority relations).
Performed a total of 0 transformations.

3.15.3. Executing OPT_MEM_FEEDBACK pass (finding memory read-to-write feedback paths).
  Analyzing scratchpad.memory write port 0.

3.15.4. Executing MEMORY_BMUX2ROM pass (converting muxes to ROMs).

3.15.5. Executing MEMORY_DFF pass (merging $dff cells to $memrd).
Checking read port `\memory'[0] in module `\scratchpad': merging output FF to cell.
    Write port 0: don't care on collision.

3.15.6. Executing OPT_CLEAN pass (remove unused cells and wires).
Finding unused cells or wires in module \scratchpad..
Removed 1 unused cells and 65 unused wires.
<suppressed ~2 debug messages>

3.15.7. Executing MEMORY_SHARE pass (consolidating $memrd/$memwr cells).

3.15.8. Executing OPT_MEM_WIDEN pass (optimize memories where all ports are wide).
Performed a total of 0 transformations.

3.15.9. Executing OPT_CLEAN pass (remove unused cells and wires).
Finding unused cells or wires in module \scratchpad..

3.15.10. Executing MEMORY_COLLECT pass (generating $mem cells).

3.16. Executing OPT_CLEAN pass (remove unused cells and wires).
Finding unused cells or wires in module \scratchpad..

3.17. Executing OPT pass (performing simple optimizations).

3.17.1. Executing OPT_EXPR pass (perform const folding).
Optimizing module scratchpad.
<suppressed ~4 debug messages>

3.17.2. Executing OPT_MERGE pass (detect identical cells).
Finding identical cells in module `\scratchpad'.
<suppressed ~3 debug messages>
Removed a total of 1 cells.

3.17.3. Executing OPT_DFF pass (perform DFF optimizations).

3.17.4. Executing OPT_CLEAN pass (remove unused cells and wires).
Finding unused cells or wires in module \scratchpad..
Removed 0 unused cells and 3 unused wires.
<suppressed ~1 debug messages>

3.17.5. Finished fast OPT passes.

3.18. Executing MEMORY_MAP pass (converting memories to logic and flip-flops).
Mapping memory \memory in module \scratchpad:
  created 100 $dff cells and 0 static cells of width 64.
Extracted data FF from read port 0 of scratchpad.memory: $\memory$rdreg[0]
  read interface: 1 $dff and 127 $mux cells.
  write interface: 100 write mux blocks.

3.19. Executing OPT pass (performing simple optimizations).

3.19.1. Executing OPT_EXPR pass (perform const folding).
Optimizing module scratchpad.
<suppressed ~71 debug messages>

3.19.2. Executing OPT_MERGE pass (detect identical cells).
Finding identical cells in module `\scratchpad'.
Removed a total of 0 cells.

3.19.3. Executing OPT_MUXTREE pass (detect dead branches in mux trees).
Running muxtree optimizer on module \scratchpad..
  Creating internal representation of mux trees.
  Evaluating internal representation of mux trees.
  Analyzing evaluation results.
Removed 0 multiplexer ports.
<suppressed ~101 debug messages>

3.19.4. Executing OPT_REDUCE pass (consolidate $*mux and $reduce_* inputs).
  Optimizing cells in module \scratchpad.
Performed a total of 0 changes.

3.19.5. Executing OPT_MERGE pass (detect identical cells).
Finding identical cells in module `\scratchpad'.
Removed a total of 0 cells.

3.19.6. Executing OPT_SHARE pass.

3.19.7. Executing OPT_DFF pass (perform DFF optimizations).

3.19.8. Executing OPT_CLEAN pass (remove unused cells and wires).
Finding unused cells or wires in module \scratchpad..
Removed 0 unused cells and 261 unused wires.
<suppressed ~1 debug messages>

3.19.9. Executing OPT_EXPR pass (perform const folding).
Optimizing module scratchpad.
<suppressed ~3 debug messages>

3.19.10. Rerunning OPT passes. (Maybe there is more to do..)

3.19.11. Executing OPT_MUXTREE pass (detect dead branches in mux trees).
Running muxtree optimizer on module \scratchpad..
  Creating internal representation of mux trees.
  Evaluating internal representation of mux trees.
  Analyzing evaluation results.
Removed 0 multiplexer ports.
<suppressed ~101 debug messages>

3.19.12. Executing OPT_REDUCE pass (consolidate $*mux and $reduce_* inputs).
  Optimizing cells in module \scratchpad.
Performed a total of 0 changes.

3.19.13. Executing OPT_MERGE pass (detect identical cells).
Finding identical cells in module `\scratchpad'.
Removed a total of 0 cells.

3.19.14. Executing OPT_SHARE pass.

3.19.15. Executing OPT_DFF pass (perform DFF optimizations).
Adding EN signal on $memory\memory[9]$110 ($dff) from module scratchpad (D = \data_in, Q = \memory[9]).
Adding EN signal on $memory\memory[99]$290 ($dff) from module scratchpad (D = \data_in, Q = \memory[99]).
Adding EN signal on $memory\memory[98]$288 ($dff) from module scratchpad (D = \data_in, Q = \memory[98]).
Adding EN signal on $memory\memory[97]$286 ($dff) from module scratchpad (D = \data_in, Q = \memory[97]).
Adding EN signal on $memory\memory[96]$284 ($dff) from module scratchpad (D = \data_in, Q = \memory[96]).
Adding EN signal on $memory\memory[95]$282 ($dff) from module scratchpad (D = \data_in, Q = \memory[95]).
Adding EN signal on $memory\memory[94]$280 ($dff) from module scratchpad (D = \data_in, Q = \memory[94]).
Adding EN signal on $memory\memory[93]$278 ($dff) from module scratchpad (D = \data_in, Q = \memory[93]).
Adding EN signal on $memory\memory[92]$276 ($dff) from module scratchpad (D = \data_in, Q = \memory[92]).
Adding EN signal on $memory\memory[91]$274 ($dff) from module scratchpad (D = \data_in, Q = \memory[91]).
Adding EN signal on $memory\memory[90]$272 ($dff) from module scratchpad (D = \data_in, Q = \memory[90]).
Adding EN signal on $memory\memory[8]$108 ($dff) from module scratchpad (D = \data_in, Q = \memory[8]).
Adding EN signal on $memory\memory[89]$270 ($dff) from module scratchpad (D = \data_in, Q = \memory[89]).
Adding EN signal on $memory\memory[88]$268 ($dff) from module scratchpad (D = \data_in, Q = \memory[88]).
Adding EN signal on $memory\memory[87]$266 ($dff) from module scratchpad (D = \data_in, Q = \memory[87]).
Adding EN signal on $memory\memory[86]$264 ($dff) from module scratchpad (D = \data_in, Q = \memory[86]).
Adding EN signal on $memory\memory[85]$262 ($dff) from module scratchpad (D = \data_in, Q = \memory[85]).
Adding EN signal on $memory\memory[84]$260 ($dff) from module scratchpad (D = \data_in, Q = \memory[84]).
Adding EN signal on $memory\memory[83]$258 ($dff) from module scratchpad (D = \data_in, Q = \memory[83]).
Adding EN signal on $memory\memory[82]$256 ($dff) from module scratchpad (D = \data_in, Q = \memory[82]).
Adding EN signal on $memory\memory[81]$254 ($dff) from module scratchpad (D = \data_in, Q = \memory[81]).
Adding EN signal on $memory\memory[80]$252 ($dff) from module scratchpad (D = \data_in, Q = \memory[80]).
Adding EN signal on $memory\memory[7]$106 ($dff) from module scratchpad (D = \data_in, Q = \memory[7]).
Adding EN signal on $memory\memory[79]$250 ($dff) from module scratchpad (D = \data_in, Q = \memory[79]).
Adding EN signal on $memory\memory[78]$248 ($dff) from module scratchpad (D = \data_in, Q = \memory[78]).
Adding EN signal on $memory\memory[77]$246 ($dff) from module scratchpad (D = \data_in, Q = \memory[77]).
Adding EN signal on $memory\memory[76]$244 ($dff) from module scratchpad (D = \data_in, Q = \memory[76]).
Adding EN signal on $memory\memory[75]$242 ($dff) from module scratchpad (D = \data_in, Q = \memory[75]).
Adding EN signal on $memory\memory[74]$240 ($dff) from module scratchpad (D = \data_in, Q = \memory[74]).
Adding EN signal on $memory\memory[73]$238 ($dff) from module scratchpad (D = \data_in, Q = \memory[73]).
Adding EN signal on $memory\memory[72]$236 ($dff) from module scratchpad (D = \data_in, Q = \memory[72]).
Adding EN signal on $memory\memory[71]$234 ($dff) from module scratchpad (D = \data_in, Q = \memory[71]).
Adding EN signal on $memory\memory[70]$232 ($dff) from module scratchpad (D = \data_in, Q = \memory[70]).
Adding EN signal on $memory\memory[6]$104 ($dff) from module scratchpad (D = \data_in, Q = \memory[6]).
Adding EN signal on $memory\memory[69]$230 ($dff) from module scratchpad (D = \data_in, Q = \memory[69]).
Adding EN signal on $memory\memory[68]$228 ($dff) from module scratchpad (D = \data_in, Q = \memory[68]).
Adding EN signal on $memory\memory[67]$226 ($dff) from module scratchpad (D = \data_in, Q = \memory[67]).
Adding EN signal on $memory\memory[66]$224 ($dff) from module scratchpad (D = \data_in, Q = \memory[66]).
Adding EN signal on $memory\memory[65]$222 ($dff) from module scratchpad (D = \data_in, Q = \memory[65]).
Adding EN signal on $memory\memory[64]$220 ($dff) from module scratchpad (D = \data_in, Q = \memory[64]).
Adding EN signal on $memory\memory[63]$218 ($dff) from module scratchpad (D = \data_in, Q = \memory[63]).
Adding EN signal on $memory\memory[62]$216 ($dff) from module scratchpad (D = \data_in, Q = \memory[62]).
Adding EN signal on $memory\memory[61]$214 ($dff) from module scratchpad (D = \data_in, Q = \memory[61]).
Adding EN signal on $memory\memory[60]$212 ($dff) from module scratchpad (D = \data_in, Q = \memory[60]).
Adding EN signal on $memory\memory[5]$102 ($dff) from module scratchpad (D = \data_in, Q = \memory[5]).
Adding EN signal on $memory\memory[59]$210 ($dff) from module scratchpad (D = \data_in, Q = \memory[59]).
Adding EN signal on $memory\memory[58]$208 ($dff) from module scratchpad (D = \data_in, Q = \memory[58]).
Adding EN signal on $memory\memory[57]$206 ($dff) from module scratchpad (D = \data_in, Q = \memory[57]).
Adding EN signal on $memory\memory[56]$204 ($dff) from module scratchpad (D = \data_in, Q = \memory[56]).
Adding EN signal on $memory\memory[55]$202 ($dff) from module scratchpad (D = \data_in, Q = \memory[55]).
Adding EN signal on $memory\memory[54]$200 ($dff) from module scratchpad (D = \data_in, Q = \memory[54]).
Adding EN signal on $memory\memory[53]$198 ($dff) from module scratchpad (D = \data_in, Q = \memory[53]).
Adding EN signal on $memory\memory[52]$196 ($dff) from module scratchpad (D = \data_in, Q = \memory[52]).
Adding EN signal on $memory\memory[51]$194 ($dff) from module scratchpad (D = \data_in, Q = \memory[51]).
Adding EN signal on $memory\memory[50]$192 ($dff) from module scratchpad (D = \data_in, Q = \memory[50]).
Adding EN signal on $memory\memory[4]$100 ($dff) from module scratchpad (D = \data_in, Q = \memory[4]).
Adding EN signal on $memory\memory[49]$190 ($dff) from module scratchpad (D = \data_in, Q = \memory[49]).
Adding EN signal on $memory\memory[48]$188 ($dff) from module scratchpad (D = \data_in, Q = \memory[48]).
Adding EN signal on $memory\memory[47]$186 ($dff) from module scratchpad (D = \data_in, Q = \memory[47]).
Adding EN signal on $memory\memory[46]$184 ($dff) from module scratchpad (D = \data_in, Q = \memory[46]).
Adding EN signal on $memory\memory[45]$182 ($dff) from module scratchpad (D = \data_in, Q = \memory[45]).
Adding EN signal on $memory\memory[44]$180 ($dff) from module scratchpad (D = \data_in, Q = \memory[44]).
Adding EN signal on $memory\memory[43]$178 ($dff) from module scratchpad (D = \data_in, Q = \memory[43]).
Adding EN signal on $memory\memory[42]$176 ($dff) from module scratchpad (D = \data_in, Q = \memory[42]).
Adding EN signal on $memory\memory[41]$174 ($dff) from module scratchpad (D = \data_in, Q = \memory[41]).
Adding EN signal on $memory\memory[40]$172 ($dff) from module scratchpad (D = \data_in, Q = \memory[40]).
Adding EN signal on $memory\memory[3]$98 ($dff) from module scratchpad (D = \data_in, Q = \memory[3]).
Adding EN signal on $memory\memory[39]$170 ($dff) from module scratchpad (D = \data_in, Q = \memory[39]).
Adding EN signal on $memory\memory[38]$168 ($dff) from module scratchpad (D = \data_in, Q = \memory[38]).
Adding EN signal on $memory\memory[37]$166 ($dff) from module scratchpad (D = \data_in, Q = \memory[37]).
Adding EN signal on $memory\memory[36]$164 ($dff) from module scratchpad (D = \data_in, Q = \memory[36]).
Adding EN signal on $memory\memory[35]$162 ($dff) from module scratchpad (D = \data_in, Q = \memory[35]).
Adding EN signal on $memory\memory[34]$160 ($dff) from module scratchpad (D = \data_in, Q = \memory[34]).
Adding EN signal on $memory\memory[33]$158 ($dff) from module scratchpad (D = \data_in, Q = \memory[33]).
Adding EN signal on $memory\memory[32]$156 ($dff) from module scratchpad (D = \data_in, Q = \memory[32]).
Adding EN signal on $memory\memory[31]$154 ($dff) from module scratchpad (D = \data_in, Q = \memory[31]).
Adding EN signal on $memory\memory[30]$152 ($dff) from module scratchpad (D = \data_in, Q = \memory[30]).
Adding EN signal on $memory\memory[2]$96 ($dff) from module scratchpad (D = \data_in, Q = \memory[2]).
Adding EN signal on $memory\memory[29]$150 ($dff) from module scratchpad (D = \data_in, Q = \memory[29]).
Adding EN signal on $memory\memory[28]$148 ($dff) from module scratchpad (D = \data_in, Q = \memory[28]).
Adding EN signal on $memory\memory[27]$146 ($dff) from module scratchpad (D = \data_in, Q = \memory[27]).
Adding EN signal on $memory\memory[26]$144 ($dff) from module scratchpad (D = \data_in, Q = \memory[26]).
Adding EN signal on $memory\memory[25]$142 ($dff) from module scratchpad (D = \data_in, Q = \memory[25]).
Adding EN signal on $memory\memory[24]$140 ($dff) from module scratchpad (D = \data_in, Q = \memory[24]).
Adding EN signal on $memory\memory[23]$138 ($dff) from module scratchpad (D = \data_in, Q = \memory[23]).
Adding EN signal on $memory\memory[22]$136 ($dff) from module scratchpad (D = \data_in, Q = \memory[22]).
Adding EN signal on $memory\memory[21]$134 ($dff) from module scratchpad (D = \data_in, Q = \memory[21]).
Adding EN signal on $memory\memory[20]$132 ($dff) from module scratchpad (D = \data_in, Q = \memory[20]).
Adding EN signal on $memory\memory[1]$94 ($dff) from module scratchpad (D = \data_in, Q = \memory[1]).
Adding EN signal on $memory\memory[19]$130 ($dff) from module scratchpad (D = \data_in, Q = \memory[19]).
Adding EN signal on $memory\memory[18]$128 ($dff) from module scratchpad (D = \data_in, Q = \memory[18]).
Adding EN signal on $memory\memory[17]$126 ($dff) from module scratchpad (D = \data_in, Q = \memory[17]).
Adding EN signal on $memory\memory[16]$124 ($dff) from module scratchpad (D = \data_in, Q = \memory[16]).
Adding EN signal on $memory\memory[15]$122 ($dff) from module scratchpad (D = \data_in, Q = \memory[15]).
Adding EN signal on $memory\memory[14]$120 ($dff) from module scratchpad (D = \data_in, Q = \memory[14]).
Adding EN signal on $memory\memory[13]$118 ($dff) from module scratchpad (D = \data_in, Q = \memory[13]).
Adding EN signal on $memory\memory[12]$116 ($dff) from module scratchpad (D = \data_in, Q = \memory[12]).
Adding EN signal on $memory\memory[11]$114 ($dff) from module scratchpad (D = \data_in, Q = \memory[11]).
Adding EN signal on $memory\memory[10]$112 ($dff) from module scratchpad (D = \data_in, Q = \memory[10]).
Adding EN signal on $memory\memory[0]$92 ($dff) from module scratchpad (D = \data_in, Q = \memory[0]).

3.19.16. Executing OPT_CLEAN pass (remove unused cells and wires).
Finding unused cells or wires in module \scratchpad..
Removed 100 unused cells and 103 unused wires.
<suppressed ~101 debug messages>

3.19.17. Executing OPT_EXPR pass (perform const folding).
Optimizing module scratchpad.

3.19.18. Rerunning OPT passes. (Maybe there is more to do..)

3.19.19. Executing OPT_MUXTREE pass (detect dead branches in mux trees).
Running muxtree optimizer on module \scratchpad..
  Creating internal representation of mux trees.
  Evaluating internal representation of mux trees.
  Analyzing evaluation results.
Removed 0 multiplexer ports.
<suppressed ~1 debug messages>

3.19.20. Executing OPT_REDUCE pass (consolidate $*mux and $reduce_* inputs).
  Optimizing cells in module \scratchpad.
Performed a total of 0 changes.

3.19.21. Executing OPT_MERGE pass (detect identical cells).
Finding identical cells in module `\scratchpad'.
Removed a total of 0 cells.

3.19.22. Executing OPT_SHARE pass.

3.19.23. Executing OPT_DFF pass (perform DFF optimizations).

3.19.24. Executing OPT_CLEAN pass (remove unused cells and wires).
Finding unused cells or wires in module \scratchpad..

3.19.25. Executing OPT_EXPR pass (perform const folding).
Optimizing module scratchpad.

3.19.26. Finished OPT passes. (There is nothing left to do.)

3.20. Executing TECHMAP pass (map to technology primitives).

3.20.1. Executing Verilog-2005 frontend: /usr/bin/../share/yosys/techmap.v
Parsing Verilog input from `/usr/bin/../share/yosys/techmap.v' to AST representation.
Generating RTLIL representation for module `\_90_simplemap_bool_ops'.
Generating RTLIL representation for module `\_90_simplemap_reduce_ops'.
Generating RTLIL representation for module `\_90_simplemap_logic_ops'.
Generating RTLIL representation for module `\_90_simplemap_compare_ops'.
Generating RTLIL representation for module `\_90_simplemap_various'.
Generating RTLIL representation for module `\_90_simplemap_registers'.
Generating RTLIL representation for module `\_90_shift_ops_shr_shl_sshl_sshr'.
Generating RTLIL representation for module `\_90_shift_shiftx'.
Generating RTLIL representation for module `\_90_fa'.
Generating RTLIL representation for module `\_90_lcu_brent_kung'.
Generating RTLIL representation for module `\_90_alu'.
Generating RTLIL representation for module `\_90_macc'.
Generating RTLIL representation for module `\_90_alumacc'.
Generating RTLIL representation for module `\$__div_mod_u'.
Generating RTLIL representation for module `\$__div_mod_trunc'.
Generating RTLIL representation for module `\_90_div'.
Generating RTLIL representation for module `\_90_mod'.
Generating RTLIL representation for module `\$__div_mod_floor'.
Generating RTLIL representation for module `\_90_divfloor'.
Generating RTLIL representation for module `\_90_modfloor'.
Generating RTLIL representation for module `\_90_pow'.
Generating RTLIL representation for module `\_90_pmux'.
Generating RTLIL representation for module `\_90_demux'.
Generating RTLIL representation for module `\_90_lut'.
Successfully finished Verilog frontend.

3.20.2. Continuing TECHMAP pass.
Using extmapper simplemap for cells of type $dffe.
Using extmapper simplemap for cells of type $not.
Using extmapper simplemap for cells of type $mux.
Using extmapper simplemap for cells of type $and.
No more expansions possible.
<suppressed ~516 debug messages>

3.21. Executing OPT pass (performing simple optimizations).

3.21.1. Executing OPT_EXPR pass (perform const folding).
Optimizing module scratchpad.

3.21.2. Executing OPT_MERGE pass (detect identical cells).
Finding identical cells in module `\scratchpad'.
Removed a total of 0 cells.

3.21.3. Executing OPT_DFF pass (perform DFF optimizations).

3.21.4. Executing OPT_CLEAN pass (remove unused cells and wires).
Finding unused cells or wires in module \scratchpad..

3.21.5. Finished fast OPT passes.

3.22. Executing ABC pass (technology mapping using ABC).

3.22.1. Extracting gate netlist of module `\scratchpad' to `<abc-temp-dir>/input.blif'..
Extracted 6577 gates and 12985 wires to a netlist network with 6408 inputs and 164 outputs.

3.22.1.1. Executing ABC.
Running ABC command: "<yosys-exe-dir>/yosys-abc" -s -f <abc-temp-dir>/abc.script 2>&1
ABC: ABC command line: "source <abc-temp-dir>/abc.script".
ABC: 
ABC: + read_blif <abc-temp-dir>/input.blif 
ABC: + read_library <abc-temp-dir>/stdcells.genlib 
ABC: + strash 
ABC: + dretime 
ABC: + map 
ABC: + write_blif <abc-temp-dir>/output.blif 

3.22.1.2. Re-integrating ABC results.
ABC RESULTS:            ANDNOT cells:      100
ABC RESULTS:               MUX cells:     6336
ABC RESULTS:              NAND cells:        3
ABC RESULTS:               NOT cells:        8
ABC RESULTS:                OR cells:      124
ABC RESULTS:             ORNOT cells:        6
ABC RESULTS:        internal signals:     6413
ABC RESULTS:           input signals:     6408
ABC RESULTS:          output signals:      164
Removing temp directory.

3.23. Executing OPT pass (performing simple optimizations).

3.23.1. Executing OPT_EXPR pass (perform const folding).
Optimizing module scratchpad.
<suppressed ~3136 debug messages>

3.23.2. Executing OPT_MERGE pass (detect identical cells).
Finding identical cells in module `\scratchpad'.
Removed a total of 0 cells.

3.23.3. Executing OPT_DFF pass (perform DFF optimizations).

3.23.4. Executing OPT_CLEAN pass (remove unused cells and wires).
Finding unused cells or wires in module \scratchpad..
Removed 6 unused cells and 6817 unused wires.
<suppressed ~7 debug messages>

3.23.5. Finished fast OPT passes.

3.24. Executing HIERARCHY pass (managing design hierarchy).
Attribute `top' found on module `scratchpad'. Setting top module to scratchpad.

3.24.1. Analyzing design hierarchy..
Top module:  \scratchpad

3.24.2. Analyzing design hierarchy..
Top module:  \scratchpad
Removed 0 unused modules.

3.25. Printing statistics.

=== scratchpad ===

   Number of wires:               6613
   Number of wire bits:          13108
   Number of public wires:         105
   Number of public wire bits:    6537
   Number of ports:                  5
   Number of port bits:            137
   Number of memories:               0
   Number of memory bits:            0
   Number of processes:              0
   Number of cells:              13035
     $_ANDNOT_                     100
     $_DFFE_PP_                   6464
     $_MUX_                       6336
     $_NAND_                         3
     $_NOT_                          2
     $_ORNOT_                        6
     $_OR_                         124

3.26. Executing CHECK pass (checking for obvious problems).
Checking module scratchpad...
Found and reported 0 problems.

4. Printing statistics.

=== scratchpad ===

   Number of wires:               6613
   Number of wire bits:          13108
   Number of public wires:         105
   Number of public wire bits:    6537
   Number of ports:                  5
   Number of port bits:            137
   Number of memories:               0
   Number of memory bits:            0
   Number of processes:              0
   Number of cells:              13035
     $_ANDNOT_                     100
     $_DFFE_PP_                   6464
     $_MUX_                       6336
     $_NAND_                         3
     $_NOT_                          2
     $_ORNOT_                        6
     $_OR_                         124

5. Executing Verilog backend.

5.1. Executing BMUXMAP pass.

5.2. Executing DEMUXMAP pass.
Dumping module `\scratchpad'.

End of script. Logfile hash: 7b8838e304, CPU: user 1.66s system 0.04s, MEM: 52.84 MB peak
Yosys 0.52 (git sha1 fee39a3284c90249e1d9684cf6944ffbbcbb8f90)
Time spent: 22% 1x abc (0 sec), 20% 17x opt_clean (0 sec), ...
